// Jest Snapshot v1, https://goo.gl/fbAQLP

exports[`Comment extraction: docComment 1`] = `
DocComment {
  "kind": 0,
  "lines": Array [],
  "parseErrors": Array [],
  "range": TextRange {
    "buffer": "
    /**
     * This is an example doc comment.
     * @remarks
     * Here are some remarks
     *
     * @public
     */
",
    "end": 8,
    "pos": 5,
  },
  "sourceRange": TextRange {
    "buffer": "
    /**
     * This is an example doc comment.
     * @remarks
     * Here are some remarks
     *
     * @public
     */
",
    "end": 123,
    "pos": 0,
  },
}
`;

exports[`Comment extraction: docComment.range 1`] = `"/**"`;
